// Jest Snapshot v1, https://goo.gl/fbAQLP

exports[`Character component should render a Character 1`] = `
<div
  className="Characer"
>
  <Link
    to="/character/5cf5679a915ecad153ab68c8"
  >
    <img
      src="https://vignette.wikia.nocookie.net/avatar/images/5/51/46th_Earth_King.png/revision/latest?cb=20130627160441"
    />
    <p>
      46th Earth King
    </p>
  </Link>
</div>
`;
